******************************************************************************
                  TI ARM Linker PC v20.2.7                     
******************************************************************************
>> Linked Sat Mar  9 17:56:18 2024

OUTPUT FILE NAME:   <sadi_ativ_girar_motor.out>
ENTRY POINT SYMBOL: "_c_int00_noargs"  address: 000006f9


MEMORY CONFIGURATION

         name            origin    length      used     unused   attr    fill
----------------------  --------  ---------  --------  --------  ----  --------
  FLASH                 00000000   00100000  000009ec  000ff614  R  X
  SRAM                  20000000   00040000  00000110  0003fef0  RW X


SEGMENT ALLOCATION MAP

run origin  load origin   length   init length attrs members
----------  ----------- ---------- ----------- ----- -------
00000000    00000000    000009ec   000009ec    r-x
  00000000    00000000    00000200   00000200    r-- .intvecs
  00000200    00000200    00000574   00000574    r-x .text
  00000774    00000774    00000254   00000254    r-- .const
  000009c8    000009c8    00000024   00000024    r-- .cinit
20000000    20000000    00000110   00000000    rw-
  20000000    20000000    00000100   00000000    rw- .stack
  20000100    20000100    00000010   00000000    rw- .data


SECTION ALLOCATION MAP

 output                                  attributes/
section   page    origin      length       input sections
--------  ----  ----------  ----------   ----------------
.intvecs   0    00000000    00000200     
                  00000000    00000200     startup_ccs.obj (.intvecs)

.text      0    00000200    00000574     
                  00000200    00000200     driverlib.lib : sysctl.obj (.text:SysCtlClockFreqSet)
                  00000400    0000009c     rtsv7M4_T_le_v4SPD16_eabi.lib : memcpy_t2.asm.obj (.text)
                  0000049c    00000090     project0.obj (.text:giraMotor)
                  0000052c    00000068     rtsv7M4_T_le_v4SPD16_eabi.lib : copy_decompress_lzss.c.obj (.text:decompress:lzss:__TI_decompress_lzss)
                  00000594    0000005c     project0.obj (.text:main)
                  000005f0    00000048     driverlib.lib : sysctl.obj (.text:_SysCtlFrequencyGet)
                  00000638    00000044     rtsv7M4_T_le_v4SPD16_eabi.lib : autoinit.c.obj (.text:__TI_auto_init_nobinit_nopinit:__TI_auto_init_nobinit_nopinit)
                  0000067c    00000044     conf_gpio.obj (.text:initGPIO)
                  000006c0    00000038     driverlib.lib : sysctl.obj (.text:SysCtlPeripheralReady)
                  000006f8    00000034     rtsv7M4_T_le_v4SPD16_eabi.lib : boot_cortex_m.c.obj (.text:_c_int00_noargs:_c_int00_noargs)
                  0000072c    00000020     driverlib.lib : sysctl.obj (.text:_SysCtlMemTimingGet)
                  0000074c    0000000e     rtsv7M4_T_le_v4SPD16_eabi.lib : copy_decompress_none.c.obj (.text:decompress:none:__TI_decompress_none)
                  0000075a    00000006     startup_ccs.obj (.text:ResetISR)
                  00000760    00000006     driverlib.lib : sysctl.obj (.text:SysCtlDelay)
                  00000766    00000004     rtsv7M4_T_le_v4SPD16_eabi.lib : pre_init.c.obj (.text:_system_pre_init)
                  0000076a    00000004                                   : exit.c.obj (.text:abort:abort)
                  0000076e    00000002     startup_ccs.obj (.text:FaultISR)
                  00000770    00000002     startup_ccs.obj (.text:IntDefaultHandler)
                  00000772    00000002     startup_ccs.obj (.text:NmiSR)

.const     0    00000774    00000254     
                  00000774    000001b0     driverlib.lib : sysctl.obj (.const:g_pppui32XTALtoVCO)
                  00000924    0000006c                   : sysctl.obj (.const:g_pui32Xtals)
                  00000990    00000030                   : sysctl.obj (.const:g_sXTALtoMEMTIM)
                  000009c0    00000008                   : sysctl.obj (.const)

.cinit     0    000009c8    00000024     
                  000009c8    00000011     (.cinit..data.load) [load image, compression = lzss]
                  000009d9    00000003     --HOLE-- [fill = 0]
                  000009dc    00000008     (__TI_handler_table)
                  000009e4    00000008     (__TI_cinit_table)

.init_array 
*          0    00000000    00000000     UNINITIALIZED

.data      0    20000100    00000010     UNINITIALIZED
                  20000100    00000010     project0.obj (.data)

.stack     0    20000000    00000100     UNINITIALIZED
                  20000000    00000004     rtsv7M4_T_le_v4SPD16_eabi.lib : boot_cortex_m.c.obj (.stack)
                  20000004    000000fc     --HOLE--

__llvm_prf_cnts 
*          0    20000000    00000000     UNINITIALIZED

MODULE SUMMARY

       Module                       code   ro data   rw data
       ------                       ----   -------   -------
    .\
       startup_ccs.obj              12     512       0      
       project0.obj                 236    0         16     
       conf_gpio.obj                68     0         0      
    +--+----------------------------+------+---------+---------+
       Total:                       316    512       16     
                                                            
    C:/ti/tivaware_c_series_2_1_4_178/driverlib/ccs/Debug/driverlib.lib
       sysctl.obj                   678    596       0      
    +--+----------------------------+------+---------+---------+
       Total:                       678    596       0      
                                                            
    C:\ti\ccs1260\ccs\tools\compiler\ti-cgt-arm_20.2.7.LTS\lib\rtsv7M4_T_le_v4SPD16_eabi.lib
       memcpy_t2.asm.obj            156    0         0      
       copy_decompress_lzss.c.obj   104    0         0      
       autoinit.c.obj               68     0         0      
       boot_cortex_m.c.obj          52     0         0      
       copy_decompress_none.c.obj   14     0         0      
       exit.c.obj                   4      0         0      
       pre_init.c.obj               4      0         0      
    +--+----------------------------+------+---------+---------+
       Total:                       402    0         0      
                                                            
       Stack:                       0      0         256    
       Linker Generated:            0      33        0      
    +--+----------------------------+------+---------+---------+
       Grand Total:                 1396   1141      272    


LINKER GENERATED COPY TABLES

__TI_cinit_table @ 000009e4 records: 1, size/record: 8, table size: 8
	.data: load addr=000009c8, load size=00000011 bytes, run addr=20000100, run size=00000010 bytes, compression=lzss


LINKER GENERATED HANDLER TABLE

__TI_handler_table @ 000009dc records: 2, size/record: 4, table size: 8
	index: 0, handler: __TI_decompress_lzss
	index: 1, handler: __TI_decompress_none


GLOBAL SYMBOLS: SORTED ALPHABETICALLY BY Name 

address   name                          
-------   ----                          
0000076b  C$$EXIT                       
0000075b  ResetISR                      
00000201  SysCtlClockFreqSet            
00000761  SysCtlDelay                   
000006c1  SysCtlPeripheralReady         
20000100  __STACK_END                   
00000100  __STACK_SIZE                  
20000100  __STACK_TOP                   
000009e4  __TI_CINIT_Base               
000009ec  __TI_CINIT_Limit              
000009dc  __TI_Handler_Table_Base       
000009e4  __TI_Handler_Table_Limit      
00000639  __TI_auto_init_nobinit_nopinit
0000052d  __TI_decompress_lzss          
0000074d  __TI_decompress_none          
ffffffff  __TI_pprof_out_hndl           
ffffffff  __TI_prof_data_size           
ffffffff  __TI_prof_data_start          
00000000  __TI_static_base__            
00000401  __aeabi_memcpy                
00000401  __aeabi_memcpy4               
00000401  __aeabi_memcpy8               
ffffffff  __binit__                     
ffffffff  __c_args__                    
UNDEFED   __mpu_init                    
20000000  __stack                       
20000000  __start___llvm_prf_cnts       
20000000  __stop___llvm_prf_cnts        
000006f9  _c_int00_noargs               
UNDEFED   _system_post_cinit            
00000767  _system_pre_init              
0000076b  abort                         
20000100  aux_count                     
20000104  aux_dir                       
ffffffff  binit                         
20000108  curr_step                     
00000000  g_pfnVectors                  
0000049d  giraMotor                     
0000067d  initGPIO                      
00000595  main                          
00000401  memcpy                        
2000010c  next_step                     


GLOBAL SYMBOLS: SORTED BY Symbol Address 

address   name                          
-------   ----                          
00000000  __TI_static_base__            
00000000  g_pfnVectors                  
00000100  __STACK_SIZE                  
00000201  SysCtlClockFreqSet            
00000401  __aeabi_memcpy                
00000401  __aeabi_memcpy4               
00000401  __aeabi_memcpy8               
00000401  memcpy                        
0000049d  giraMotor                     
0000052d  __TI_decompress_lzss          
00000595  main                          
00000639  __TI_auto_init_nobinit_nopinit
0000067d  initGPIO                      
000006c1  SysCtlPeripheralReady         
000006f9  _c_int00_noargs               
0000074d  __TI_decompress_none          
0000075b  ResetISR                      
00000761  SysCtlDelay                   
00000767  _system_pre_init              
0000076b  C$$EXIT                       
0000076b  abort                         
000009dc  __TI_Handler_Table_Base       
000009e4  __TI_CINIT_Base               
000009e4  __TI_Handler_Table_Limit      
000009ec  __TI_CINIT_Limit              
20000000  __stack                       
20000000  __start___llvm_prf_cnts       
20000000  __stop___llvm_prf_cnts        
20000100  __STACK_END                   
20000100  __STACK_TOP                   
20000100  aux_count                     
20000104  aux_dir                       
20000108  curr_step                     
2000010c  next_step                     
ffffffff  __TI_pprof_out_hndl           
ffffffff  __TI_prof_data_size           
ffffffff  __TI_prof_data_start          
ffffffff  __binit__                     
ffffffff  __c_args__                    
ffffffff  binit                         
UNDEFED   __mpu_init                    
UNDEFED   _system_post_cinit            

[42 symbols]
